[20:50:20 - training_loop - INFO] [94mbatch_size_gpu: 64[0m
[20:50:20 - training_loop - INFO] [94mConstructing network...[0m
[20:50:20 - training_loop - INFO] [94mSetting up optimizer...[0m
[20:50:20 - training_loop - WARNING] [93mCould not load network and optimizer states[0m
[20:50:20 - training_loop - INFO] [94mTraining for 200000 kimg...[0m
[20:52:08 - training_loop - INFO] [94mtick 0     kimg 1.0       time 1m 49s       sec/tick 108.1   sec/kimg 105.54  maintenance 0.8    cpumem 17.14  gpumem 21.78  reserved 22.92 [0m
[20:52:09 - training_loop - INFO] [94mSaved model in the ./output_diffusion directory[0m
[20:52:09 - training_loop - INFO] [94mSaved EMA model in the ./output_diffusion directory[0m
[20:52:09 - training_loop - INFO] [94mSaved optimizer state in the ./output_diffusion directory[0m
[20:52:15 - training_loop - INFO] [94mtick 1     kimg 2.0       time 1m 55s       sec/tick 6.2     sec/kimg 6.09    maintenance 0.4    cpumem 17.14  gpumem 21.78  reserved 22.92 [0m
[20:52:21 - training_loop - INFO] [94mtick 2     kimg 3.1       time 2m 02s       sec/tick 6.3     sec/kimg 6.11    maintenance 0.0    cpumem 17.14  gpumem 21.78  reserved 22.92 [0m
[20:52:27 - training_loop - INFO] [94mtick 3     kimg 4.1       time 2m 08s       sec/tick 6.2     sec/kimg 6.10    maintenance 0.0    cpumem 17.14  gpumem 21.78  reserved 22.92 [0m
[20:52:34 - training_loop - INFO] [94mtick 4     kimg 5.1       time 2m 14s       sec/tick 6.2     sec/kimg 6.10    maintenance 0.0    cpumem 17.14  gpumem 21.78  reserved 22.92 [0m
[20:52:40 - training_loop - INFO] [94mtick 5     kimg 6.1       time 2m 20s       sec/tick 6.3     sec/kimg 6.11    maintenance 0.0    cpumem 17.14  gpumem 21.78  reserved 22.92 [0m
[20:52:46 - training_loop - INFO] [94mtick 6     kimg 7.2       time 2m 27s       sec/tick 6.2     sec/kimg 6.09    maintenance 0.0    cpumem 17.14  gpumem 21.78  reserved 22.92 [0m
[20:52:52 - training_loop - INFO] [94mtick 7     kimg 8.2       time 2m 33s       sec/tick 6.2     sec/kimg 6.08    maintenance 0.0    cpumem 17.14  gpumem 21.78  reserved 22.92 [0m
[20:52:59 - training_loop - INFO] [94mtick 8     kimg 9.2       time 2m 39s       sec/tick 6.3     sec/kimg 6.12    maintenance 0.0    cpumem 17.14  gpumem 21.78  reserved 22.92 [0m
[20:53:05 - training_loop - INFO] [94mtick 9     kimg 10.2      time 2m 45s       sec/tick 6.2     sec/kimg 6.07    maintenance 0.0    cpumem 17.14  gpumem 21.78  reserved 22.92 [0m
[20:53:39 - training_loop - INFO] [94mtick 10    kimg 11.3      time 3m 19s       sec/tick 33.7    sec/kimg 32.93   maintenance 0.0    cpumem 17.14  gpumem 21.78  reserved 22.92 [0m
[20:53:45 - training_loop - INFO] [94mtick 11    kimg 12.3      time 3m 25s       sec/tick 6.2     sec/kimg 6.10    maintenance 0.0    cpumem 17.14  gpumem 21.78  reserved 22.92 [0m
[20:53:51 - training_loop - INFO] [94mtick 12    kimg 13.3      time 3m 32s       sec/tick 6.2     sec/kimg 6.09    maintenance 0.0    cpumem 17.14  gpumem 21.78  reserved 22.92 [0m
[20:53:57 - training_loop - INFO] [94mtick 13    kimg 14.3      time 3m 38s       sec/tick 6.2     sec/kimg 6.09    maintenance 0.0    cpumem 17.14  gpumem 21.78  reserved 22.92 [0m
[20:54:04 - training_loop - INFO] [94mtick 14    kimg 15.4      time 3m 44s       sec/tick 6.2     sec/kimg 6.08    maintenance 0.0    cpumem 17.14  gpumem 21.78  reserved 22.92 [0m
[20:54:10 - training_loop - INFO] [94mtick 15    kimg 16.4      time 3m 50s       sec/tick 6.3     sec/kimg 6.11    maintenance 0.0    cpumem 17.14  gpumem 21.78  reserved 22.92 [0m
[20:54:16 - training_loop - INFO] [94mtick 16    kimg 17.4      time 3m 57s       sec/tick 6.2     sec/kimg 6.08    maintenance 0.0    cpumem 17.14  gpumem 21.78  reserved 22.92 [0m
[20:54:22 - training_loop - INFO] [94mtick 17    kimg 18.4      time 4m 03s       sec/tick 6.2     sec/kimg 6.09    maintenance 0.0    cpumem 17.14  gpumem 21.78  reserved 22.92 [0m
[20:54:29 - training_loop - INFO] [94mtick 18    kimg 19.5      time 4m 09s       sec/tick 6.3     sec/kimg 6.12    maintenance 0.0    cpumem 17.14  gpumem 21.78  reserved 22.92 [0m
[20:54:35 - training_loop - INFO] [94mtick 19    kimg 20.5      time 4m 15s       sec/tick 6.2     sec/kimg 6.09    maintenance 0.0    cpumem 17.14  gpumem 21.78  reserved 22.92 [0m
[20:55:09 - training_loop - INFO] [94mtick 20    kimg 21.5      time 4m 49s       sec/tick 33.7    sec/kimg 32.95   maintenance 0.0    cpumem 17.14  gpumem 21.78  reserved 22.92 [0m
[20:55:15 - training_loop - INFO] [94mtick 21    kimg 22.5      time 4m 55s       sec/tick 6.3     sec/kimg 6.11    maintenance 0.0    cpumem 17.14  gpumem 21.78  reserved 22.92 [0m
[20:55:21 - training_loop - INFO] [94mtick 22    kimg 23.6      time 5m 02s       sec/tick 6.3     sec/kimg 6.11    maintenance 0.0    cpumem 17.14  gpumem 21.78  reserved 22.92 [0m
[20:55:27 - training_loop - INFO] [94mtick 23    kimg 24.6      time 5m 08s       sec/tick 6.3     sec/kimg 6.11    maintenance 0.0    cpumem 17.14  gpumem 21.78  reserved 22.92 [0m
[20:55:34 - training_loop - INFO] [94mtick 24    kimg 25.6      time 5m 14s       sec/tick 6.2     sec/kimg 6.09    maintenance 0.0    cpumem 17.14  gpumem 21.78  reserved 22.92 [0m
[20:55:40 - training_loop - INFO] [94mtick 25    kimg 26.6      time 5m 20s       sec/tick 6.3     sec/kimg 6.12    maintenance 0.0    cpumem 17.14  gpumem 21.78  reserved 22.92 [0m
[20:55:46 - training_loop - INFO] [94mtick 26    kimg 27.6      time 5m 27s       sec/tick 6.3     sec/kimg 6.12    maintenance 0.0    cpumem 17.14  gpumem 21.78  reserved 22.92 [0m
[20:55:52 - training_loop - INFO] [94mtick 27    kimg 28.7      time 5m 33s       sec/tick 6.2     sec/kimg 6.08    maintenance 0.0    cpumem 17.14  gpumem 21.78  reserved 22.92 [0m
[20:55:59 - training_loop - INFO] [94mtick 28    kimg 29.7      time 5m 39s       sec/tick 6.2     sec/kimg 6.09    maintenance 0.0    cpumem 17.14  gpumem 21.78  reserved 22.92 [0m
[20:56:05 - training_loop - INFO] [94mtick 29    kimg 30.7      time 5m 45s       sec/tick 6.2     sec/kimg 6.09    maintenance 0.0    cpumem 17.14  gpumem 21.78  reserved 22.92 [0m
[20:56:39 - training_loop - INFO] [94mtick 30    kimg 31.7      time 6m 19s       sec/tick 33.8    sec/kimg 32.98   maintenance 0.0    cpumem 17.14  gpumem 21.78  reserved 22.92 [0m
[20:56:45 - training_loop - INFO] [94mtick 31    kimg 32.8      time 6m 25s       sec/tick 6.2     sec/kimg 6.08    maintenance 0.0    cpumem 17.14  gpumem 21.78  reserved 22.92 [0m
[20:56:51 - training_loop - INFO] [94mtick 32    kimg 33.8      time 6m 32s       sec/tick 6.2     sec/kimg 6.10    maintenance 0.0    cpumem 17.14  gpumem 21.78  reserved 22.92 [0m
[20:56:57 - training_loop - INFO] [94mtick 33    kimg 34.8      time 6m 38s       sec/tick 6.3     sec/kimg 6.11    maintenance 0.0    cpumem 17.14  gpumem 21.78  reserved 22.92 [0m
[20:57:04 - training_loop - INFO] [94mtick 34    kimg 35.8      time 6m 44s       sec/tick 6.3     sec/kimg 6.11    maintenance 0.0    cpumem 17.14  gpumem 21.78  reserved 22.92 [0m
[20:57:10 - training_loop - INFO] [94mtick 35    kimg 36.9      time 6m 50s       sec/tick 6.3     sec/kimg 6.11    maintenance 0.0    cpumem 17.14  gpumem 21.78  reserved 22.92 [0m
[20:57:16 - training_loop - INFO] [94mtick 36    kimg 37.9      time 6m 57s       sec/tick 6.2     sec/kimg 6.09    maintenance 0.0    cpumem 17.14  gpumem 21.78  reserved 22.92 [0m
[20:57:22 - training_loop - INFO] [94mtick 37    kimg 38.9      time 7m 03s       sec/tick 6.3     sec/kimg 6.11    maintenance 0.0    cpumem 17.14  gpumem 21.78  reserved 22.92 [0m
[20:57:29 - training_loop - INFO] [94mtick 38    kimg 39.9      time 7m 09s       sec/tick 6.2     sec/kimg 6.09    maintenance 0.0    cpumem 17.14  gpumem 21.78  reserved 22.92 [0m
[20:57:35 - training_loop - INFO] [94mtick 39    kimg 41.0      time 7m 15s       sec/tick 6.2     sec/kimg 6.10    maintenance 0.0    cpumem 17.14  gpumem 21.78  reserved 22.92 [0m
[20:58:09 - training_loop - INFO] [94mtick 40    kimg 42.0      time 7m 49s       sec/tick 33.8    sec/kimg 32.98   maintenance 0.0    cpumem 17.14  gpumem 21.78  reserved 22.92 [0m
[20:58:15 - training_loop - INFO] [94mtick 41    kimg 43.0      time 7m 55s       sec/tick 6.3     sec/kimg 6.11    maintenance 0.0    cpumem 17.14  gpumem 21.78  reserved 22.92 [0m
[20:58:21 - training_loop - INFO] [94mtick 42    kimg 44.0      time 8m 02s       sec/tick 6.3     sec/kimg 6.11    maintenance 0.0    cpumem 17.14  gpumem 21.78  reserved 22.92 [0m
[20:58:27 - training_loop - INFO] [94mtick 43    kimg 45.1      time 8m 08s       sec/tick 6.3     sec/kimg 6.12    maintenance 0.0    cpumem 17.14  gpumem 21.78  reserved 22.92 [0m
[20:58:34 - training_loop - INFO] [94mtick 44    kimg 46.1      time 8m 14s       sec/tick 6.2     sec/kimg 6.08    maintenance 0.0    cpumem 17.14  gpumem 21.78  reserved 22.92 [0m
[20:58:40 - training_loop - INFO] [94mtick 45    kimg 47.1      time 8m 20s       sec/tick 6.2     sec/kimg 6.10    maintenance 0.0    cpumem 17.14  gpumem 21.78  reserved 22.92 [0m
[20:58:46 - training_loop - INFO] [94mtick 46    kimg 48.1      time 8m 27s       sec/tick 6.2     sec/kimg 6.10    maintenance 0.0    cpumem 17.14  gpumem 21.78  reserved 22.92 [0m
[20:58:52 - training_loop - INFO] [94mtick 47    kimg 49.2      time 8m 33s       sec/tick 6.3     sec/kimg 6.10    maintenance 0.0    cpumem 17.14  gpumem 21.78  reserved 22.92 [0m
[20:58:59 - training_loop - INFO] [94mtick 48    kimg 50.2      time 8m 39s       sec/tick 6.2     sec/kimg 6.09    maintenance 0.0    cpumem 17.14  gpumem 21.78  reserved 22.92 [0m
[20:59:05 - training_loop - INFO] [94mtick 49    kimg 51.2      time 8m 45s       sec/tick 6.3     sec/kimg 6.11    maintenance 0.0    cpumem 17.14  gpumem 21.78  reserved 22.92 [0m
[20:59:39 - training_loop - INFO] [94mtick 50    kimg 52.2      time 9m 19s       sec/tick 33.7    sec/kimg 32.96   maintenance 0.0    cpumem 17.14  gpumem 21.78  reserved 22.92 [0m
[20:59:39 - training_loop - INFO] [94mSaved model in the ./output_diffusion directory[0m
[20:59:39 - training_loop - INFO] [94mSaved EMA model in the ./output_diffusion directory[0m
[20:59:39 - training_loop - INFO] [94mSaved optimizer state in the ./output_diffusion directory[0m
[20:59:45 - training_loop - INFO] [94mtick 51    kimg 53.2      time 9m 26s       sec/tick 6.2     sec/kimg 6.10    maintenance 0.4    cpumem 17.14  gpumem 21.78  reserved 22.92 [0m
[20:59:51 - training_loop - INFO] [94mtick 52    kimg 54.3      time 9m 32s       sec/tick 6.2     sec/kimg 6.09    maintenance 0.0    cpumem 17.14  gpumem 21.78  reserved 22.92 [0m
[20:59:58 - training_loop - INFO] [94mtick 53    kimg 55.3      time 9m 38s       sec/tick 6.3     sec/kimg 6.11    maintenance 0.0    cpumem 17.14  gpumem 21.78  reserved 22.92 [0m
[21:00:04 - training_loop - INFO] [94mtick 54    kimg 56.3      time 9m 44s       sec/tick 6.2     sec/kimg 6.08    maintenance 0.0    cpumem 17.14  gpumem 21.78  reserved 22.92 [0m
[21:00:10 - training_loop - INFO] [94mtick 55    kimg 57.3      time 9m 51s       sec/tick 6.2     sec/kimg 6.10    maintenance 0.0    cpumem 17.14  gpumem 21.78  reserved 22.92 [0m
[21:00:17 - training_loop - INFO] [94mtick 56    kimg 58.4      time 9m 57s       sec/tick 6.4     sec/kimg 6.23    maintenance 0.0    cpumem 17.14  gpumem 21.78  reserved 22.92 [0m
[21:00:23 - training_loop - INFO] [94mtick 57    kimg 59.4      time 10m 03s      sec/tick 6.3     sec/kimg 6.11    maintenance 0.0    cpumem 17.14  gpumem 21.78  reserved 22.92 [0m
[21:00:29 - training_loop - INFO] [94mtick 58    kimg 60.4      time 10m 10s      sec/tick 6.2     sec/kimg 6.09    maintenance 0.0    cpumem 17.14  gpumem 21.78  reserved 22.92 [0m
[21:00:35 - training_loop - INFO] [94mtick 59    kimg 61.4      time 10m 16s      sec/tick 6.2     sec/kimg 6.08    maintenance 0.0    cpumem 17.14  gpumem 21.78  reserved 22.92 [0m
[21:01:09 - training_loop - INFO] [94mtick 60    kimg 62.5      time 10m 50s      sec/tick 33.8    sec/kimg 32.97   maintenance 0.0    cpumem 17.14  gpumem 21.78  reserved 22.92 [0m
[21:01:15 - training_loop - INFO] [94mtick 61    kimg 63.5      time 10m 56s      sec/tick 6.2     sec/kimg 6.09    maintenance 0.0    cpumem 17.14  gpumem 21.78  reserved 22.92 [0m
[21:01:22 - training_loop - INFO] [94mtick 62    kimg 64.5      time 11m 02s      sec/tick 6.2     sec/kimg 6.09    maintenance 0.0    cpumem 17.14  gpumem 21.78  reserved 22.92 [0m
[21:01:28 - training_loop - INFO] [94mtick 63    kimg 65.5      time 11m 08s      sec/tick 6.3     sec/kimg 6.11    maintenance 0.0    cpumem 17.14  gpumem 21.78  reserved 22.92 [0m
[21:01:34 - training_loop - INFO] [94mtick 64    kimg 66.6      time 11m 15s      sec/tick 6.3     sec/kimg 6.12    maintenance 0.0    cpumem 17.14  gpumem 21.78  reserved 22.92 [0m
[21:01:40 - training_loop - INFO] [94mtick 65    kimg 67.6      time 11m 21s      sec/tick 6.2     sec/kimg 6.09    maintenance 0.0    cpumem 17.14  gpumem 21.78  reserved 22.92 [0m
[21:01:47 - training_loop - INFO] [94mtick 66    kimg 68.6      time 11m 27s      sec/tick 6.2     sec/kimg 6.08    maintenance 0.0    cpumem 17.14  gpumem 21.78  reserved 22.92 [0m
[21:01:53 - training_loop - INFO] [94mtick 67    kimg 69.6      time 11m 33s      sec/tick 6.2     sec/kimg 6.07    maintenance 0.0    cpumem 17.14  gpumem 21.78  reserved 22.92 [0m
[21:01:59 - training_loop - INFO] [94mtick 68    kimg 70.7      time 11m 39s      sec/tick 6.2     sec/kimg 6.09    maintenance 0.0    cpumem 17.14  gpumem 21.78  reserved 22.92 [0m
[21:02:05 - training_loop - INFO] [94mtick 69    kimg 71.7      time 11m 46s      sec/tick 6.2     sec/kimg 6.08    maintenance 0.0    cpumem 17.14  gpumem 21.78  reserved 22.92 [0m
[21:02:39 - training_loop - INFO] [94mtick 70    kimg 72.7      time 12m 19s      sec/tick 33.8    sec/kimg 32.97   maintenance 0.0    cpumem 17.14  gpumem 21.78  reserved 22.92 [0m
[21:02:45 - training_loop - INFO] [94mtick 71    kimg 73.7      time 12m 26s      sec/tick 6.3     sec/kimg 6.11    maintenance 0.0    cpumem 17.14  gpumem 21.78  reserved 22.92 [0m
[21:02:52 - training_loop - INFO] [94mtick 72    kimg 74.8      time 12m 32s      sec/tick 6.3     sec/kimg 6.11    maintenance 0.0    cpumem 17.14  gpumem 21.78  reserved 22.92 [0m
[21:02:58 - training_loop - INFO] [94mtick 73    kimg 75.8      time 12m 38s      sec/tick 6.2     sec/kimg 6.10    maintenance 0.0    cpumem 17.14  gpumem 21.78  reserved 22.92 [0m
[21:03:04 - training_loop - INFO] [94mtick 74    kimg 76.8      time 12m 44s      sec/tick 6.3     sec/kimg 6.11    maintenance 0.0    cpumem 17.14  gpumem 21.78  reserved 22.92 [0m
[21:03:10 - training_loop - INFO] [94mtick 75    kimg 77.8      time 12m 51s      sec/tick 6.2     sec/kimg 6.09    maintenance 0.0    cpumem 17.14  gpumem 21.78  reserved 22.92 [0m
[21:03:16 - training_loop - INFO] [94mtick 76    kimg 78.8      time 12m 57s      sec/tick 6.2     sec/kimg 6.08    maintenance 0.0    cpumem 17.14  gpumem 21.78  reserved 22.92 [0m
[21:03:23 - training_loop - INFO] [94mtick 77    kimg 79.9      time 13m 03s      sec/tick 6.3     sec/kimg 6.11    maintenance 0.0    cpumem 17.14  gpumem 21.78  reserved 22.92 [0m
[21:03:29 - training_loop - INFO] [94mtick 78    kimg 80.9      time 13m 09s      sec/tick 6.3     sec/kimg 6.12    maintenance 0.0    cpumem 17.14  gpumem 21.78  reserved 22.92 [0m
[21:03:35 - training_loop - INFO] [94mtick 79    kimg 81.9      time 13m 16s      sec/tick 6.2     sec/kimg 6.10    maintenance 0.0    cpumem 17.14  gpumem 21.78  reserved 22.92 [0m
[21:04:09 - training_loop - INFO] [94mtick 80    kimg 82.9      time 13m 49s      sec/tick 33.8    sec/kimg 32.96   maintenance 0.0    cpumem 17.14  gpumem 21.78  reserved 22.92 [0m
[21:04:15 - training_loop - INFO] [94mtick 81    kimg 84.0      time 13m 56s      sec/tick 6.3     sec/kimg 6.11    maintenance 0.0    cpumem 17.14  gpumem 21.78  reserved 22.92 [0m
[21:04:22 - training_loop - INFO] [94mtick 82    kimg 85.0      time 14m 02s      sec/tick 6.2     sec/kimg 6.08    maintenance 0.0    cpumem 17.14  gpumem 21.78  reserved 22.92 [0m
[21:04:28 - training_loop - INFO] [94mtick 83    kimg 86.0      time 14m 08s      sec/tick 6.2     sec/kimg 6.10    maintenance 0.0    cpumem 17.14  gpumem 21.78  reserved 22.92 [0m
[21:04:34 - training_loop - INFO] [94mtick 84    kimg 87.0      time 14m 14s      sec/tick 6.3     sec/kimg 6.11    maintenance 0.0    cpumem 17.14  gpumem 21.78  reserved 22.92 [0m
[21:04:40 - training_loop - INFO] [94mtick 85    kimg 88.1      time 14m 21s      sec/tick 6.3     sec/kimg 6.11    maintenance 0.0    cpumem 17.14  gpumem 21.78  reserved 22.92 [0m
[21:04:47 - training_loop - INFO] [94mtick 86    kimg 89.1      time 14m 27s      sec/tick 6.2     sec/kimg 6.08    maintenance 0.0    cpumem 17.14  gpumem 21.78  reserved 22.92 [0m
[21:04:53 - training_loop - INFO] [94mtick 87    kimg 90.1      time 14m 33s      sec/tick 6.2     sec/kimg 6.07    maintenance 0.0    cpumem 17.14  gpumem 21.78  reserved 22.92 [0m
[21:04:59 - training_loop - INFO] [94mtick 88    kimg 91.1      time 14m 39s      sec/tick 6.3     sec/kimg 6.10    maintenance 0.0    cpumem 17.14  gpumem 21.78  reserved 22.92 [0m
[21:05:05 - training_loop - INFO] [94mtick 89    kimg 92.2      time 14m 46s      sec/tick 6.2     sec/kimg 6.08    maintenance 0.0    cpumem 17.14  gpumem 21.78  reserved 22.92 [0m
[21:05:39 - training_loop - INFO] [94mtick 90    kimg 93.2      time 15m 19s      sec/tick 33.8    sec/kimg 32.97   maintenance 0.0    cpumem 17.14  gpumem 21.78  reserved 22.92 [0m
[21:05:45 - training_loop - INFO] [94mtick 91    kimg 94.2      time 15m 26s      sec/tick 6.3     sec/kimg 6.11    maintenance 0.0    cpumem 17.14  gpumem 21.78  reserved 22.92 [0m
[21:05:51 - training_loop - INFO] [94mtick 92    kimg 95.2      time 15m 32s      sec/tick 6.2     sec/kimg 6.08    maintenance 0.0    cpumem 17.14  gpumem 21.78  reserved 22.92 [0m
[21:05:58 - training_loop - INFO] [94mtick 93    kimg 96.3      time 15m 38s      sec/tick 6.2     sec/kimg 6.10    maintenance 0.0    cpumem 17.14  gpumem 21.78  reserved 22.92 [0m
[21:06:04 - training_loop - INFO] [94mtick 94    kimg 97.3      time 15m 44s      sec/tick 6.2     sec/kimg 6.10    maintenance 0.0    cpumem 17.14  gpumem 21.78  reserved 22.92 [0m
[21:06:10 - training_loop - INFO] [94mtick 95    kimg 98.3      time 15m 51s      sec/tick 6.3     sec/kimg 6.11    maintenance 0.0    cpumem 17.14  gpumem 21.78  reserved 22.92 [0m
[21:06:16 - training_loop - INFO] [94mtick 96    kimg 99.3      time 15m 57s      sec/tick 6.2     sec/kimg 6.09    maintenance 0.0    cpumem 17.14  gpumem 21.78  reserved 22.92 [0m
[21:06:23 - training_loop - INFO] [94mtick 97    kimg 100.4     time 16m 03s      sec/tick 6.2     sec/kimg 6.10    maintenance 0.0    cpumem 17.14  gpumem 21.78  reserved 22.92 [0m
[21:06:29 - training_loop - INFO] [94mtick 98    kimg 101.4     time 16m 09s      sec/tick 6.3     sec/kimg 6.13    maintenance 0.0    cpumem 17.14  gpumem 21.78  reserved 22.92 [0m
[21:06:35 - training_loop - INFO] [94mtick 99    kimg 102.4     time 16m 16s      sec/tick 6.2     sec/kimg 6.08    maintenance 0.0    cpumem 17.14  gpumem 21.78  reserved 22.92 [0m
[21:07:09 - training_loop - INFO] [94mtick 100   kimg 103.4     time 16m 49s      sec/tick 33.8    sec/kimg 33.00   maintenance 0.0    cpumem 17.14  gpumem 21.78  reserved 22.92 [0m
[21:07:09 - training_loop - INFO] [94mSaved model in the ./output_diffusion directory[0m
[21:07:09 - training_loop - INFO] [94mSaved EMA model in the ./output_diffusion directory[0m
[21:07:09 - training_loop - INFO] [94mSaved optimizer state in the ./output_diffusion directory[0m
[21:07:16 - training_loop - INFO] [94mtick 101   kimg 104.4     time 16m 56s      sec/tick 6.3     sec/kimg 6.12    maintenance 0.3    cpumem 17.14  gpumem 21.78  reserved 22.92 [0m
[21:07:22 - training_loop - INFO] [94mtick 102   kimg 105.5     time 17m 02s      sec/tick 6.2     sec/kimg 6.10    maintenance 0.0    cpumem 17.14  gpumem 21.78  reserved 22.92 [0m
[21:07:28 - training_loop - INFO] [94mtick 103   kimg 106.5     time 17m 09s      sec/tick 6.2     sec/kimg 6.08    maintenance 0.0    cpumem 17.14  gpumem 21.78  reserved 22.92 [0m
[21:07:34 - training_loop - INFO] [94mtick 104   kimg 107.5     time 17m 15s      sec/tick 6.2     sec/kimg 6.08    maintenance 0.0    cpumem 17.14  gpumem 21.78  reserved 22.92 [0m
[21:07:41 - training_loop - INFO] [94mtick 105   kimg 108.5     time 17m 21s      sec/tick 6.3     sec/kimg 6.13    maintenance 0.0    cpumem 17.14  gpumem 21.78  reserved 22.92 [0m
[21:07:47 - training_loop - INFO] [94mtick 106   kimg 109.6     time 17m 27s      sec/tick 6.2     sec/kimg 6.09    maintenance 0.0    cpumem 17.14  gpumem 21.78  reserved 22.92 [0m
[21:07:53 - training_loop - INFO] [94mtick 107   kimg 110.6     time 17m 34s      sec/tick 6.2     sec/kimg 6.09    maintenance 0.0    cpumem 17.14  gpumem 21.78  reserved 22.92 [0m
[21:07:59 - training_loop - INFO] [94mtick 108   kimg 111.6     time 17m 40s      sec/tick 6.3     sec/kimg 6.12    maintenance 0.0    cpumem 17.14  gpumem 21.78  reserved 22.92 [0m
[21:08:06 - training_loop - INFO] [94mtick 109   kimg 112.6     time 17m 46s      sec/tick 6.2     sec/kimg 6.08    maintenance 0.0    cpumem 17.14  gpumem 21.78  reserved 22.92 [0m
[21:08:39 - training_loop - INFO] [94mtick 110   kimg 113.7     time 18m 20s      sec/tick 33.8    sec/kimg 32.99   maintenance 0.0    cpumem 17.14  gpumem 21.78  reserved 22.92 [0m
[21:08:46 - training_loop - INFO] [94mtick 111   kimg 114.7     time 18m 26s      sec/tick 6.2     sec/kimg 6.10    maintenance 0.0    cpumem 17.14  gpumem 21.78  reserved 22.92 [0m
[21:08:52 - training_loop - INFO] [94mtick 112   kimg 115.7     time 18m 32s      sec/tick 6.3     sec/kimg 6.12    maintenance 0.0    cpumem 17.14  gpumem 21.78  reserved 22.92 [0m
[21:08:58 - training_loop - INFO] [94mtick 113   kimg 116.7     time 18m 39s      sec/tick 6.4     sec/kimg 6.22    maintenance 0.0    cpumem 17.14  gpumem 21.78  reserved 22.92 [0m
[21:09:05 - training_loop - INFO] [94mtick 114   kimg 117.8     time 18m 45s      sec/tick 6.2     sec/kimg 6.10    maintenance 0.0    cpumem 17.14  gpumem 21.78  reserved 22.92 [0m
[21:09:11 - training_loop - INFO] [94mtick 115   kimg 118.8     time 18m 51s      sec/tick 6.3     sec/kimg 6.12    maintenance 0.0    cpumem 17.14  gpumem 21.78  reserved 22.92 [0m
[21:09:17 - training_loop - INFO] [94mtick 116   kimg 119.8     time 18m 57s      sec/tick 6.3     sec/kimg 6.12    maintenance 0.0    cpumem 17.14  gpumem 21.78  reserved 22.92 [0m
[21:09:23 - training_loop - INFO] [94mtick 117   kimg 120.8     time 19m 04s      sec/tick 6.3     sec/kimg 6.13    maintenance 0.0    cpumem 17.14  gpumem 21.78  reserved 22.92 [0m
[21:09:30 - training_loop - INFO] [94mtick 118   kimg 121.9     time 19m 10s      sec/tick 6.3     sec/kimg 6.12    maintenance 0.0    cpumem 17.14  gpumem 21.78  reserved 22.92 [0m
[21:09:36 - training_loop - INFO] [94mtick 119   kimg 122.9     time 19m 16s      sec/tick 6.2     sec/kimg 6.10    maintenance 0.0    cpumem 17.14  gpumem 21.78  reserved 22.92 [0m
[21:10:10 - training_loop - INFO] [94mtick 120   kimg 123.9     time 19m 50s      sec/tick 33.8    sec/kimg 33.02   maintenance 0.0    cpumem 17.14  gpumem 21.78  reserved 22.92 [0m
[21:10:16 - training_loop - INFO] [94mtick 121   kimg 124.9     time 19m 56s      sec/tick 6.3     sec/kimg 6.12    maintenance 0.0    cpumem 17.14  gpumem 21.78  reserved 22.92 [0m
[21:10:22 - training_loop - INFO] [94mtick 122   kimg 126.0     time 20m 03s      sec/tick 6.3     sec/kimg 6.11    maintenance 0.0    cpumem 17.14  gpumem 21.78  reserved 22.92 [0m
[21:10:28 - training_loop - INFO] [94mtick 123   kimg 127.0     time 20m 09s      sec/tick 6.3     sec/kimg 6.11    maintenance 0.0    cpumem 17.14  gpumem 21.78  reserved 22.92 [0m
[21:10:35 - training_loop - INFO] [94mtick 124   kimg 128.0     time 20m 15s      sec/tick 6.2     sec/kimg 6.10    maintenance 0.0    cpumem 17.14  gpumem 21.78  reserved 22.92 [0m
[21:10:41 - training_loop - INFO] [94mtick 125   kimg 129.0     time 20m 21s      sec/tick 6.2     sec/kimg 6.10    maintenance 0.0    cpumem 17.14  gpumem 21.78  reserved 22.92 [0m
[21:10:47 - training_loop - INFO] [94mtick 126   kimg 130.0     time 20m 28s      sec/tick 6.3     sec/kimg 6.12    maintenance 0.0    cpumem 17.14  gpumem 21.78  reserved 22.92 [0m
[21:10:53 - training_loop - INFO] [94mtick 127   kimg 131.1     time 20m 34s      sec/tick 6.3     sec/kimg 6.12    maintenance 0.0    cpumem 17.14  gpumem 21.78  reserved 22.92 [0m
[21:11:00 - training_loop - INFO] [94mtick 128   kimg 132.1     time 20m 40s      sec/tick 6.2     sec/kimg 6.09    maintenance 0.0    cpumem 17.14  gpumem 21.78  reserved 22.92 [0m
[21:11:06 - training_loop - INFO] [94mtick 129   kimg 133.1     time 20m 46s      sec/tick 6.2     sec/kimg 6.08    maintenance 0.0    cpumem 17.14  gpumem 21.78  reserved 22.92 [0m
[21:11:40 - training_loop - INFO] [94mtick 130   kimg 134.1     time 21m 20s      sec/tick 33.8    sec/kimg 33.00   maintenance 0.0    cpumem 17.14  gpumem 21.78  reserved 22.92 [0m
[21:11:46 - training_loop - INFO] [94mtick 131   kimg 135.2     time 21m 26s      sec/tick 6.2     sec/kimg 6.10    maintenance 0.0    cpumem 17.14  gpumem 21.78  reserved 22.92 [0m
[21:11:52 - training_loop - INFO] [94mtick 132   kimg 136.2     time 21m 33s      sec/tick 6.2     sec/kimg 6.10    maintenance 0.0    cpumem 17.14  gpumem 21.78  reserved 22.92 [0m
[21:11:58 - training_loop - INFO] [94mtick 133   kimg 137.2     time 21m 39s      sec/tick 6.3     sec/kimg 6.11    maintenance 0.0    cpumem 17.14  gpumem 21.78  reserved 22.92 [0m
[21:12:05 - training_loop - INFO] [94mtick 134   kimg 138.2     time 21m 45s      sec/tick 6.3     sec/kimg 6.10    maintenance 0.0    cpumem 17.14  gpumem 21.78  reserved 22.92 [0m
[21:12:11 - training_loop - INFO] [94mtick 135   kimg 139.3     time 21m 51s      sec/tick 6.2     sec/kimg 6.09    maintenance 0.0    cpumem 17.14  gpumem 21.78  reserved 22.92 [0m
[21:12:17 - training_loop - INFO] [94mtick 136   kimg 140.3     time 21m 58s      sec/tick 6.2     sec/kimg 6.10    maintenance 0.0    cpumem 17.14  gpumem 21.78  reserved 22.92 [0m
[21:12:23 - training_loop - INFO] [94mtick 137   kimg 141.3     time 22m 04s      sec/tick 6.2     sec/kimg 6.10    maintenance 0.0    cpumem 17.14  gpumem 21.78  reserved 22.92 [0m
[21:12:30 - training_loop - INFO] [94mtick 138   kimg 142.3     time 22m 10s      sec/tick 6.2     sec/kimg 6.10    maintenance 0.0    cpumem 17.14  gpumem 21.78  reserved 22.92 [0m
[21:12:36 - training_loop - INFO] [94mtick 139   kimg 143.4     time 22m 16s      sec/tick 6.3     sec/kimg 6.12    maintenance 0.0    cpumem 17.14  gpumem 21.78  reserved 22.92 [0m
[21:13:10 - training_loop - INFO] [94mtick 140   kimg 144.4     time 22m 50s      sec/tick 33.7    sec/kimg 32.96   maintenance 0.0    cpumem 17.14  gpumem 21.78  reserved 22.92 [0m
[21:13:16 - training_loop - INFO] [94mtick 141   kimg 145.4     time 22m 56s      sec/tick 6.2     sec/kimg 6.09    maintenance 0.0    cpumem 17.14  gpumem 21.78  reserved 22.92 [0m
[21:13:22 - training_loop - INFO] [94mtick 142   kimg 146.4     time 23m 03s      sec/tick 6.3     sec/kimg 6.11    maintenance 0.0    cpumem 17.14  gpumem 21.78  reserved 22.92 [0m
[21:13:28 - training_loop - INFO] [94mtick 143   kimg 147.5     time 23m 09s      sec/tick 6.2     sec/kimg 6.10    maintenance 0.0    cpumem 17.14  gpumem 21.78  reserved 22.92 [0m
[21:13:35 - training_loop - INFO] [94mtick 144   kimg 148.5     time 23m 15s      sec/tick 6.2     sec/kimg 6.07    maintenance 0.0    cpumem 17.14  gpumem 21.78  reserved 22.92 [0m
[21:13:41 - training_loop - INFO] [94mtick 145   kimg 149.5     time 23m 21s      sec/tick 6.3     sec/kimg 6.12    maintenance 0.0    cpumem 17.14  gpumem 21.78  reserved 22.92 [0m
[21:13:47 - training_loop - INFO] [94mtick 146   kimg 150.5     time 23m 28s      sec/tick 6.2     sec/kimg 6.10    maintenance 0.0    cpumem 17.14  gpumem 21.78  reserved 22.92 [0m
[21:13:53 - training_loop - INFO] [94mtick 147   kimg 151.6     time 23m 34s      sec/tick 6.2     sec/kimg 6.08    maintenance 0.0    cpumem 17.14  gpumem 21.78  reserved 22.92 [0m
[21:14:00 - training_loop - INFO] [94mtick 148   kimg 152.6     time 23m 40s      sec/tick 6.3     sec/kimg 6.10    maintenance 0.0    cpumem 17.14  gpumem 21.78  reserved 22.92 [0m
[21:14:06 - training_loop - INFO] [94mtick 149   kimg 153.6     time 23m 46s      sec/tick 6.2     sec/kimg 6.10    maintenance 0.0    cpumem 17.14  gpumem 21.78  reserved 22.92 [0m
[21:14:40 - training_loop - INFO] [94mtick 150   kimg 154.6     time 24m 20s      sec/tick 33.8    sec/kimg 33.00   maintenance 0.0    cpumem 17.14  gpumem 21.78  reserved 22.92 [0m
[21:14:40 - training_loop - INFO] [94mSaved model in the ./output_diffusion directory[0m
[21:14:40 - training_loop - INFO] [94mSaved EMA model in the ./output_diffusion directory[0m
[21:14:40 - training_loop - INFO] [94mSaved optimizer state in the ./output_diffusion directory[0m
[21:14:46 - training_loop - INFO] [94mtick 151   kimg 155.6     time 24m 27s      sec/tick 6.3     sec/kimg 6.12    maintenance 0.3    cpumem 17.14  gpumem 21.78  reserved 22.92 [0m
[21:14:53 - training_loop - INFO] [94mtick 152   kimg 156.7     time 24m 33s      sec/tick 6.2     sec/kimg 6.10    maintenance 0.0    cpumem 17.14  gpumem 21.78  reserved 22.92 [0m
[21:14:59 - training_loop - INFO] [94mtick 153   kimg 157.7     time 24m 39s      sec/tick 6.3     sec/kimg 6.11    maintenance 0.1    cpumem 17.14  gpumem 21.78  reserved 22.92 [0m
[21:15:05 - training_loop - INFO] [94mtick 154   kimg 158.7     time 24m 46s      sec/tick 6.3     sec/kimg 6.12    maintenance 0.0    cpumem 17.14  gpumem 21.78  reserved 22.92 [0m
[21:15:11 - training_loop - INFO] [94mtick 155   kimg 159.7     time 24m 52s      sec/tick 6.3     sec/kimg 6.10    maintenance 0.0    cpumem 17.14  gpumem 21.78  reserved 22.92 [0m
[21:15:18 - training_loop - INFO] [94mtick 156   kimg 160.8     time 24m 58s      sec/tick 6.3     sec/kimg 6.11    maintenance 0.0    cpumem 17.14  gpumem 21.78  reserved 22.92 [0m
[21:15:24 - training_loop - INFO] [94mtick 157   kimg 161.8     time 25m 04s      sec/tick 6.2     sec/kimg 6.09    maintenance 0.0    cpumem 17.14  gpumem 21.78  reserved 22.92 [0m
[21:15:30 - training_loop - INFO] [94mtick 158   kimg 162.8     time 25m 11s      sec/tick 6.2     sec/kimg 6.08    maintenance 0.0    cpumem 17.14  gpumem 21.78  reserved 22.92 [0m
[21:15:36 - training_loop - INFO] [94mtick 159   kimg 163.8     time 25m 17s      sec/tick 6.3     sec/kimg 6.10    maintenance 0.0    cpumem 17.14  gpumem 21.78  reserved 22.92 [0m
[21:16:10 - training_loop - INFO] [94mtick 160   kimg 164.9     time 25m 51s      sec/tick 33.8    sec/kimg 32.99   maintenance 0.0    cpumem 17.14  gpumem 21.78  reserved 22.92 [0m
[21:16:16 - training_loop - INFO] [94mtick 161   kimg 165.9     time 25m 57s      sec/tick 6.3     sec/kimg 6.11    maintenance 0.0    cpumem 17.14  gpumem 21.78  reserved 22.92 [0m
[21:16:23 - training_loop - INFO] [94mtick 162   kimg 166.9     time 26m 03s      sec/tick 6.3     sec/kimg 6.11    maintenance 0.0    cpumem 17.14  gpumem 21.78  reserved 22.92 [0m
[21:16:29 - training_loop - INFO] [94mtick 163   kimg 167.9     time 26m 09s      sec/tick 6.3     sec/kimg 6.11    maintenance 0.0    cpumem 17.14  gpumem 21.78  reserved 22.92 [0m
[21:16:35 - training_loop - INFO] [94mtick 164   kimg 169.0     time 26m 16s      sec/tick 6.2     sec/kimg 6.10    maintenance 0.0    cpumem 17.14  gpumem 21.78  reserved 22.92 [0m
[21:16:41 - training_loop - INFO] [94mtick 165   kimg 170.0     time 26m 22s      sec/tick 6.2     sec/kimg 6.10    maintenance 0.0    cpumem 17.14  gpumem 21.78  reserved 22.92 [0m
[21:16:48 - training_loop - INFO] [94mtick 166   kimg 171.0     time 26m 28s      sec/tick 6.3     sec/kimg 6.11    maintenance 0.0    cpumem 17.14  gpumem 21.78  reserved 22.92 [0m
[21:16:54 - training_loop - INFO] [94mtick 167   kimg 172.0     time 26m 34s      sec/tick 6.3     sec/kimg 6.11    maintenance 0.0    cpumem 17.14  gpumem 21.78  reserved 22.92 [0m
[21:17:00 - training_loop - INFO] [94mtick 168   kimg 173.1     time 26m 41s      sec/tick 6.2     sec/kimg 6.08    maintenance 0.0    cpumem 17.14  gpumem 21.78  reserved 22.92 [0m
[21:17:06 - training_loop - INFO] [94mtick 169   kimg 174.1     time 26m 47s      sec/tick 6.2     sec/kimg 6.10    maintenance 0.0    cpumem 17.14  gpumem 21.78  reserved 22.92 [0m
[21:17:40 - training_loop - INFO] [94mtick 170   kimg 175.1     time 27m 21s      sec/tick 33.8    sec/kimg 33.00   maintenance 0.0    cpumem 17.14  gpumem 21.78  reserved 22.92 [0m
[21:17:47 - training_loop - INFO] [94mtick 171   kimg 176.1     time 27m 27s      sec/tick 6.3     sec/kimg 6.11    maintenance 0.0    cpumem 17.14  gpumem 21.78  reserved 22.92 [0m
[21:17:53 - training_loop - INFO] [94mtick 172   kimg 177.2     time 27m 33s      sec/tick 6.2     sec/kimg 6.09    maintenance 0.0    cpumem 17.14  gpumem 21.78  reserved 22.92 [0m
[21:17:59 - training_loop - INFO] [94mtick 173   kimg 178.2     time 27m 39s      sec/tick 6.2     sec/kimg 6.10    maintenance 0.0    cpumem 17.14  gpumem 21.78  reserved 22.92 [0m
[21:18:05 - training_loop - INFO] [94mtick 174   kimg 179.2     time 27m 46s      sec/tick 6.2     sec/kimg 6.09    maintenance 0.0    cpumem 17.14  gpumem 21.78  reserved 22.92 [0m
[21:18:12 - training_loop - INFO] [94mtick 175   kimg 180.2     time 27m 52s      sec/tick 6.3     sec/kimg 6.11    maintenance 0.0    cpumem 17.14  gpumem 21.78  reserved 22.92 [0m
[21:18:18 - training_loop - INFO] [94mtick 176   kimg 181.2     time 27m 58s      sec/tick 6.2     sec/kimg 6.09    maintenance 0.0    cpumem 17.14  gpumem 21.78  reserved 22.92 [0m
[21:18:24 - training_loop - INFO] [94mtick 177   kimg 182.3     time 28m 04s      sec/tick 6.2     sec/kimg 6.06    maintenance 0.0    cpumem 17.14  gpumem 21.78  reserved 22.92 [0m
[21:18:30 - training_loop - INFO] [94mtick 178   kimg 183.3     time 28m 11s      sec/tick 6.3     sec/kimg 6.13    maintenance 0.0    cpumem 17.14  gpumem 21.78  reserved 22.92 [0m
[21:18:36 - training_loop - INFO] [94mtick 179   kimg 184.3     time 28m 17s      sec/tick 6.3     sec/kimg 6.11    maintenance 0.0    cpumem 17.14  gpumem 21.78  reserved 22.92 [0m
[21:19:10 - training_loop - INFO] [94mtick 180   kimg 185.3     time 28m 51s      sec/tick 33.8    sec/kimg 32.98   maintenance 0.0    cpumem 17.14  gpumem 21.78  reserved 22.92 [0m
[21:19:17 - training_loop - INFO] [94mtick 181   kimg 186.4     time 28m 57s      sec/tick 6.3     sec/kimg 6.11    maintenance 0.0    cpumem 17.14  gpumem 21.78  reserved 22.92 [0m
[21:19:23 - training_loop - INFO] [94mtick 182   kimg 187.4     time 29m 03s      sec/tick 6.2     sec/kimg 6.09    maintenance 0.0    cpumem 17.14  gpumem 21.78  reserved 22.92 [0m
[21:19:29 - training_loop - INFO] [94mtick 183   kimg 188.4     time 29m 09s      sec/tick 6.2     sec/kimg 6.09    maintenance 0.0    cpumem 17.14  gpumem 21.78  reserved 22.92 [0m
[21:19:35 - training_loop - INFO] [94mtick 184   kimg 189.4     time 29m 16s      sec/tick 6.2     sec/kimg 6.08    maintenance 0.0    cpumem 17.14  gpumem 21.78  reserved 22.92 [0m
[21:19:41 - training_loop - INFO] [94mtick 185   kimg 190.5     time 29m 22s      sec/tick 6.2     sec/kimg 6.10    maintenance 0.0    cpumem 17.14  gpumem 21.78  reserved 22.92 [0m
[21:19:48 - training_loop - INFO] [94mtick 186   kimg 191.5     time 29m 28s      sec/tick 6.2     sec/kimg 6.09    maintenance 0.0    cpumem 17.14  gpumem 21.78  reserved 22.92 [0m
[21:19:54 - training_loop - INFO] [94mtick 187   kimg 192.5     time 29m 34s      sec/tick 6.2     sec/kimg 6.10    maintenance 0.0    cpumem 17.14  gpumem 21.78  reserved 22.92 [0m
[21:20:00 - training_loop - INFO] [94mtick 188   kimg 193.5     time 29m 41s      sec/tick 6.2     sec/kimg 6.10    maintenance 0.0    cpumem 17.14  gpumem 21.78  reserved 22.92 [0m
[21:20:06 - training_loop - INFO] [94mtick 189   kimg 194.6     time 29m 47s      sec/tick 6.2     sec/kimg 6.08    maintenance 0.0    cpumem 17.14  gpumem 21.78  reserved 22.92 [0m
[21:20:40 - training_loop - INFO] [94mtick 190   kimg 195.6     time 30m 21s      sec/tick 33.8    sec/kimg 32.99   maintenance 0.0    cpumem 17.14  gpumem 21.78  reserved 22.92 [0m
[21:20:46 - training_loop - INFO] [94mtick 191   kimg 196.6     time 30m 27s      sec/tick 6.3     sec/kimg 6.11    maintenance 0.0    cpumem 17.14  gpumem 21.78  reserved 22.92 [0m
[21:20:53 - training_loop - INFO] [94mtick 192   kimg 197.6     time 30m 33s      sec/tick 6.3     sec/kimg 6.13    maintenance 0.0    cpumem 17.14  gpumem 21.78  reserved 22.92 [0m
[21:20:59 - training_loop - INFO] [94mtick 193   kimg 198.7     time 30m 39s      sec/tick 6.3     sec/kimg 6.11    maintenance 0.0    cpumem 17.14  gpumem 21.78  reserved 22.92 [0m
[21:21:05 - training_loop - INFO] [94mtick 194   kimg 199.7     time 30m 46s      sec/tick 6.2     sec/kimg 6.10    maintenance 0.0    cpumem 17.14  gpumem 21.78  reserved 22.92 [0m
[21:21:11 - training_loop - INFO] [94mtick 195   kimg 200.7     time 30m 52s      sec/tick 6.2     sec/kimg 6.10    maintenance 0.0    cpumem 17.14  gpumem 21.78  reserved 22.92 [0m
[21:21:18 - training_loop - INFO] [94mtick 196   kimg 201.7     time 30m 58s      sec/tick 6.2     sec/kimg 6.10    maintenance 0.0    cpumem 17.14  gpumem 21.78  reserved 22.92 [0m
[21:21:24 - training_loop - INFO] [94mtick 197   kimg 202.8     time 31m 04s      sec/tick 6.2     sec/kimg 6.09    maintenance 0.0    cpumem 17.14  gpumem 21.78  reserved 22.92 [0m
[21:21:30 - training_loop - INFO] [94mtick 198   kimg 203.8     time 31m 11s      sec/tick 6.3     sec/kimg 6.11    maintenance 0.0    cpumem 17.14  gpumem 21.78  reserved 22.92 [0m
[21:21:37 - training_loop - INFO] [94mtick 199   kimg 204.8     time 31m 17s      sec/tick 6.3     sec/kimg 6.13    maintenance 0.0    cpumem 17.14  gpumem 21.78  reserved 22.92 [0m
[21:22:10 - training_loop - INFO] [94mtick 200   kimg 205.8     time 31m 51s      sec/tick 33.8    sec/kimg 32.99   maintenance 0.0    cpumem 17.14  gpumem 21.78  reserved 22.92 [0m
[21:22:10 - training_loop - INFO] [94mSaved model in the ./output_diffusion directory[0m
[21:22:11 - training_loop - INFO] [94mSaved EMA model in the ./output_diffusion directory[0m
[21:22:11 - training_loop - INFO] [94mSaved optimizer state in the ./output_diffusion directory[0m
[21:22:17 - training_loop - INFO] [94mtick 201   kimg 206.8     time 31m 57s      sec/tick 6.2     sec/kimg 6.10    maintenance 0.3    cpumem 17.14  gpumem 21.78  reserved 22.92 [0m
[21:22:23 - training_loop - INFO] [94mtick 202   kimg 207.9     time 32m 04s      sec/tick 6.2     sec/kimg 6.07    maintenance 0.0    cpumem 17.14  gpumem 21.78  reserved 22.92 [0m
[21:22:29 - training_loop - INFO] [94mtick 203   kimg 208.9     time 32m 10s      sec/tick 6.3     sec/kimg 6.11    maintenance 0.0    cpumem 17.14  gpumem 21.78  reserved 22.92 [0m
[21:22:36 - training_loop - INFO] [94mtick 204   kimg 209.9     time 32m 16s      sec/tick 6.3     sec/kimg 6.11    maintenance 0.0    cpumem 17.14  gpumem 21.78  reserved 22.92 [0m
[21:22:42 - training_loop - INFO] [94mtick 205   kimg 210.9     time 32m 22s      sec/tick 6.3     sec/kimg 6.12    maintenance 0.0    cpumem 17.14  gpumem 21.78  reserved 22.92 [0m
[21:22:48 - training_loop - INFO] [94mtick 206   kimg 212.0     time 32m 29s      sec/tick 6.3     sec/kimg 6.12    maintenance 0.0    cpumem 17.14  gpumem 21.78  reserved 22.92 [0m
[21:22:54 - training_loop - INFO] [94mtick 207   kimg 213.0     time 32m 35s      sec/tick 6.2     sec/kimg 6.09    maintenance 0.0    cpumem 17.14  gpumem 21.78  reserved 22.92 [0m
[21:23:01 - training_loop - INFO] [94mtick 208   kimg 214.0     time 32m 41s      sec/tick 6.2     sec/kimg 6.10    maintenance 0.0    cpumem 17.14  gpumem 21.78  reserved 22.92 [0m
[21:23:07 - training_loop - INFO] [94mtick 209   kimg 215.0     time 32m 47s      sec/tick 6.2     sec/kimg 6.09    maintenance 0.0    cpumem 17.14  gpumem 21.78  reserved 22.92 [0m
[21:23:41 - training_loop - INFO] [94mtick 210   kimg 216.1     time 33m 21s      sec/tick 33.7    sec/kimg 32.96   maintenance 0.0    cpumem 17.14  gpumem 21.78  reserved 22.92 [0m
[21:23:47 - training_loop - INFO] [94mtick 211   kimg 217.1     time 33m 27s      sec/tick 6.2     sec/kimg 6.10    maintenance 0.0    cpumem 17.14  gpumem 21.78  reserved 22.92 [0m
[21:23:53 - training_loop - INFO] [94mtick 212   kimg 218.1     time 33m 34s      sec/tick 6.3     sec/kimg 6.11    maintenance 0.0    cpumem 17.14  gpumem 21.78  reserved 22.92 [0m
[21:23:59 - training_loop - INFO] [94mtick 213   kimg 219.1     time 33m 40s      sec/tick 6.3     sec/kimg 6.14    maintenance 0.0    cpumem 17.14  gpumem 21.78  reserved 22.92 [0m
[21:24:06 - training_loop - INFO] [94mtick 214   kimg 220.2     time 33m 46s      sec/tick 6.2     sec/kimg 6.08    maintenance 0.0    cpumem 17.14  gpumem 21.78  reserved 22.92 [0m
[21:24:12 - training_loop - INFO] [94mtick 215   kimg 221.2     time 33m 52s      sec/tick 6.3     sec/kimg 6.11    maintenance 0.0    cpumem 17.14  gpumem 21.78  reserved 22.92 [0m
[21:24:18 - training_loop - INFO] [94mtick 216   kimg 222.2     time 33m 59s      sec/tick 6.2     sec/kimg 6.09    maintenance 0.0    cpumem 17.14  gpumem 21.78  reserved 22.92 [0m
[21:24:24 - training_loop - INFO] [94mtick 217   kimg 223.2     time 34m 05s      sec/tick 6.3     sec/kimg 6.12    maintenance 0.0    cpumem 17.14  gpumem 21.78  reserved 22.92 [0m
[21:24:31 - training_loop - INFO] [94mtick 218   kimg 224.3     time 34m 11s      sec/tick 6.2     sec/kimg 6.10    maintenance 0.0    cpumem 17.14  gpumem 21.78  reserved 22.92 [0m
[21:24:37 - training_loop - INFO] [94mtick 219   kimg 225.3     time 34m 17s      sec/tick 6.2     sec/kimg 6.10    maintenance 0.0    cpumem 17.14  gpumem 21.78  reserved 22.92 [0m
[21:25:11 - training_loop - INFO] [94mtick 220   kimg 226.3     time 34m 51s      sec/tick 33.7    sec/kimg 32.96   maintenance 0.0    cpumem 17.14  gpumem 21.78  reserved 22.92 [0m
[21:25:17 - training_loop - INFO] [94mtick 221   kimg 227.3     time 34m 57s      sec/tick 6.2     sec/kimg 6.10    maintenance 0.0    cpumem 17.14  gpumem 21.78  reserved 22.92 [0m
[21:25:23 - training_loop - INFO] [94mtick 222   kimg 228.4     time 35m 04s      sec/tick 6.2     sec/kimg 6.10    maintenance 0.0    cpumem 17.14  gpumem 21.78  reserved 22.92 [0m
[21:25:29 - training_loop - INFO] [94mtick 223   kimg 229.4     time 35m 10s      sec/tick 6.3     sec/kimg 6.11    maintenance 0.0    cpumem 17.14  gpumem 21.78  reserved 22.92 [0m
[21:25:36 - training_loop - INFO] [94mtick 224   kimg 230.4     time 35m 16s      sec/tick 6.2     sec/kimg 6.10    maintenance 0.0    cpumem 17.14  gpumem 21.78  reserved 22.92 [0m
[21:25:42 - training_loop - INFO] [94mtick 225   kimg 231.4     time 35m 22s      sec/tick 6.4     sec/kimg 6.25    maintenance 0.0    cpumem 17.14  gpumem 21.78  reserved 22.92 [0m
[21:25:48 - training_loop - INFO] [94mtick 226   kimg 232.4     time 35m 29s      sec/tick 6.2     sec/kimg 6.09    maintenance 0.0    cpumem 17.14  gpumem 21.78  reserved 22.92 [0m
[21:25:55 - training_loop - INFO] [94mtick 227   kimg 233.5     time 35m 35s      sec/tick 6.3     sec/kimg 6.12    maintenance 0.0    cpumem 17.14  gpumem 21.78  reserved 22.92 [0m
[21:26:01 - training_loop - INFO] [94mtick 228   kimg 234.5     time 35m 41s      sec/tick 6.3     sec/kimg 6.11    maintenance 0.0    cpumem 17.14  gpumem 21.78  reserved 22.92 [0m
[21:26:07 - training_loop - INFO] [94mtick 229   kimg 235.5     time 35m 47s      sec/tick 6.2     sec/kimg 6.09    maintenance 0.0    cpumem 17.14  gpumem 21.78  reserved 22.92 [0m
[21:26:41 - training_loop - INFO] [94mtick 230   kimg 236.5     time 36m 21s      sec/tick 33.8    sec/kimg 32.99   maintenance 0.0    cpumem 17.14  gpumem 21.78  reserved 22.92 [0m
[21:26:47 - training_loop - INFO] [94mtick 231   kimg 237.6     time 36m 27s      sec/tick 6.2     sec/kimg 6.10    maintenance 0.0    cpumem 17.14  gpumem 21.78  reserved 22.92 [0m
[21:26:53 - training_loop - INFO] [94mtick 232   kimg 238.6     time 36m 34s      sec/tick 6.2     sec/kimg 6.08    maintenance 0.0    cpumem 17.14  gpumem 21.78  reserved 22.92 [0m
[21:27:00 - training_loop - INFO] [94mtick 233   kimg 239.6     time 36m 40s      sec/tick 6.2     sec/kimg 6.09    maintenance 0.0    cpumem 17.14  gpumem 21.78  reserved 22.92 [0m
[21:27:06 - training_loop - INFO] [94mtick 234   kimg 240.6     time 36m 46s      sec/tick 6.3     sec/kimg 6.12    maintenance 0.0    cpumem 17.14  gpumem 21.78  reserved 22.92 [0m
[21:27:12 - training_loop - INFO] [94mtick 235   kimg 241.7     time 36m 52s      sec/tick 6.2     sec/kimg 6.10    maintenance 0.0    cpumem 17.14  gpumem 21.78  reserved 22.92 [0m
[21:27:18 - training_loop - INFO] [94mtick 236   kimg 242.7     time 36m 59s      sec/tick 6.2     sec/kimg 6.09    maintenance 0.0    cpumem 17.14  gpumem 21.78  reserved 22.92 [0m
[21:27:25 - training_loop - INFO] [94mtick 237   kimg 243.7     time 37m 05s      sec/tick 6.3     sec/kimg 6.11    maintenance 0.0    cpumem 17.14  gpumem 21.78  reserved 22.92 [0m
[21:27:31 - training_loop - INFO] [94mtick 238   kimg 244.7     time 37m 11s      sec/tick 6.2     sec/kimg 6.09    maintenance 0.0    cpumem 17.14  gpumem 21.78  reserved 22.92 [0m
[21:27:37 - training_loop - INFO] [94mtick 239   kimg 245.8     time 37m 18s      sec/tick 6.3     sec/kimg 6.11    maintenance 0.0    cpumem 17.14  gpumem 21.78  reserved 22.92 [0m
[21:28:11 - training_loop - INFO] [94mtick 240   kimg 246.8     time 37m 51s      sec/tick 33.8    sec/kimg 32.99   maintenance 0.0    cpumem 17.14  gpumem 21.78  reserved 22.92 [0m
[21:28:17 - training_loop - INFO] [94mtick 241   kimg 247.8     time 37m 58s      sec/tick 6.2     sec/kimg 6.10    maintenance 0.0    cpumem 17.14  gpumem 21.78  reserved 22.92 [0m
[21:28:23 - training_loop - INFO] [94mtick 242   kimg 248.8     time 38m 04s      sec/tick 6.2     sec/kimg 6.09    maintenance 0.0    cpumem 17.14  gpumem 21.78  reserved 22.92 [0m
[21:28:30 - training_loop - INFO] [94mtick 243   kimg 249.9     time 38m 10s      sec/tick 6.2     sec/kimg 6.09    maintenance 0.0    cpumem 17.14  gpumem 21.78  reserved 22.92 [0m
[21:28:36 - training_loop - INFO] [94mtick 244   kimg 250.9     time 38m 16s      sec/tick 6.2     sec/kimg 6.08    maintenance 0.0    cpumem 17.14  gpumem 21.78  reserved 22.92 [0m
[21:28:42 - training_loop - INFO] [94mtick 245   kimg 251.9     time 38m 22s      sec/tick 6.2     sec/kimg 6.08    maintenance 0.0    cpumem 17.14  gpumem 21.78  reserved 22.92 [0m
[21:28:48 - training_loop - INFO] [94mtick 246   kimg 252.9     time 38m 29s      sec/tick 6.3     sec/kimg 6.13    maintenance 0.0    cpumem 17.14  gpumem 21.78  reserved 22.92 [0m
[21:28:55 - training_loop - INFO] [94mtick 247   kimg 254.0     time 38m 35s      sec/tick 6.2     sec/kimg 6.10    maintenance 0.0    cpumem 17.14  gpumem 21.78  reserved 22.92 [0m
[21:29:01 - training_loop - INFO] [94mtick 248   kimg 255.0     time 38m 41s      sec/tick 6.2     sec/kimg 6.10    maintenance 0.0    cpumem 17.14  gpumem 21.78  reserved 22.92 [0m
[21:29:07 - training_loop - INFO] [94mtick 249   kimg 256.0     time 38m 48s      sec/tick 6.3     sec/kimg 6.13    maintenance 0.0    cpumem 17.14  gpumem 21.78  reserved 22.92 [0m
[21:29:41 - training_loop - INFO] [94mtick 250   kimg 257.0     time 39m 21s      sec/tick 33.8    sec/kimg 32.99   maintenance 0.0    cpumem 17.14  gpumem 21.78  reserved 22.92 [0m
[21:29:41 - training_loop - INFO] [94mSaved model in the ./output_diffusion directory[0m
[21:29:41 - training_loop - INFO] [94mSaved EMA model in the ./output_diffusion directory[0m
[21:29:41 - training_loop - INFO] [94mSaved optimizer state in the ./output_diffusion directory[0m
[21:29:47 - training_loop - INFO] [94mtick 251   kimg 258.0     time 39m 28s      sec/tick 6.3     sec/kimg 6.11    maintenance 0.3    cpumem 17.14  gpumem 21.78  reserved 22.92 [0m
[21:29:54 - training_loop - INFO] [94mtick 252   kimg 259.1     time 39m 34s      sec/tick 6.2     sec/kimg 6.08    maintenance 0.0    cpumem 17.14  gpumem 21.78  reserved 22.92 [0m
[21:30:00 - training_loop - INFO] [94mtick 253   kimg 260.1     time 39m 40s      sec/tick 6.2     sec/kimg 6.10    maintenance 0.0    cpumem 17.14  gpumem 21.78  reserved 22.92 [0m
[21:30:06 - training_loop - INFO] [94mtick 254   kimg 261.1     time 39m 47s      sec/tick 6.2     sec/kimg 6.08    maintenance 0.0    cpumem 17.14  gpumem 21.78  reserved 22.92 [0m
[21:30:12 - training_loop - INFO] [94mtick 255   kimg 262.1     time 39m 53s      sec/tick 6.2     sec/kimg 6.10    maintenance 0.0    cpumem 17.14  gpumem 21.78  reserved 22.92 [0m
[21:30:19 - training_loop - INFO] [94mtick 256   kimg 263.2     time 39m 59s      sec/tick 6.3     sec/kimg 6.11    maintenance 0.0    cpumem 17.14  gpumem 21.78  reserved 22.92 [0m
[21:30:25 - training_loop - INFO] [94mtick 257   kimg 264.2     time 40m 05s      sec/tick 6.2     sec/kimg 6.06    maintenance 0.0    cpumem 17.14  gpumem 21.78  reserved 22.92 [0m
[21:30:31 - training_loop - INFO] [94mtick 258   kimg 265.2     time 40m 12s      sec/tick 6.2     sec/kimg 6.09    maintenance 0.0    cpumem 17.14  gpumem 21.78  reserved 22.92 [0m
[21:30:37 - training_loop - INFO] [94mtick 259   kimg 266.2     time 40m 18s      sec/tick 6.2     sec/kimg 6.09    maintenance 0.0    cpumem 17.14  gpumem 21.78  reserved 22.92 [0m
[21:31:11 - training_loop - INFO] [94mtick 260   kimg 267.3     time 40m 52s      sec/tick 33.8    sec/kimg 33.00   maintenance 0.0    cpumem 17.14  gpumem 21.78  reserved 22.92 [0m
[21:31:17 - training_loop - INFO] [94mtick 261   kimg 268.3     time 40m 58s      sec/tick 6.2     sec/kimg 6.10    maintenance 0.0    cpumem 17.14  gpumem 21.78  reserved 22.92 [0m
[21:31:24 - training_loop - INFO] [94mtick 262   kimg 269.3     time 41m 04s      sec/tick 6.3     sec/kimg 6.12    maintenance 0.0    cpumem 17.14  gpumem 21.78  reserved 22.92 [0m
[21:31:30 - training_loop - INFO] [94mtick 263   kimg 270.3     time 41m 10s      sec/tick 6.2     sec/kimg 6.10    maintenance 0.0    cpumem 17.14  gpumem 21.78  reserved 22.92 [0m
[21:31:36 - training_loop - INFO] [94mtick 264   kimg 271.4     time 41m 17s      sec/tick 6.2     sec/kimg 6.10    maintenance 0.0    cpumem 17.14  gpumem 21.78  reserved 22.92 [0m
[21:31:42 - training_loop - INFO] [94mtick 265   kimg 272.4     time 41m 23s      sec/tick 6.2     sec/kimg 6.10    maintenance 0.0    cpumem 17.14  gpumem 21.78  reserved 22.92 [0m
[21:31:49 - training_loop - INFO] [94mtick 266   kimg 273.4     time 41m 29s      sec/tick 6.2     sec/kimg 6.10    maintenance 0.0    cpumem 17.14  gpumem 21.78  reserved 22.92 [0m
[21:31:55 - training_loop - INFO] [94mtick 267   kimg 274.4     time 41m 35s      sec/tick 6.2     sec/kimg 6.08    maintenance 0.0    cpumem 17.14  gpumem 21.78  reserved 22.92 [0m
[21:32:01 - training_loop - INFO] [94mtick 268   kimg 275.5     time 41m 42s      sec/tick 6.2     sec/kimg 6.09    maintenance 0.0    cpumem 17.14  gpumem 21.78  reserved 22.92 [0m
[21:32:07 - training_loop - INFO] [94mtick 269   kimg 276.5     time 41m 48s      sec/tick 6.2     sec/kimg 6.10    maintenance 0.0    cpumem 17.14  gpumem 21.78  reserved 22.92 [0m
